--- Testing create_vencimiento_from_bank ---
Creating Vencimiento for 01-2026 with amount 1234.56...
2026-01-15 10:18:38,740 - GestorVencimientos - INFO - AudioService initialized on Windows
python.exe : 
e:\43.Gestor de vencim
ientos\07.Gestor de ve
ncimientos\src_restore
d\test_create_bank_ven
cimiento.py:44: 
LegacyAPIWarning: The 
Query.get() method is 
considered legacy as 
of the 1.x series of 
SQLAlchemy and 
becomes a legacy 
construct in 2.0. The 
method is now 
available as 
Session.get() 
(deprecated since: 
2.0) (Background on 
SQLAlchemy 2.0 at: htt
ps://sqlalche.me/e/b8d
9)
En línea: 1 Carácter: 
1
+ & "e:\43.Gestor de v
encimientos\07.Gestor 
de vencimientos\src_re
store ...
+ ~~~~~~~~~~~~~~~~~~~~
~~~~~~~~~~~~~~~~~~~~~~
~~~~~~~~~~~~~~~~~~~~~~
~~~~~
    + CategoryInfo    
          : NotSpeci  
  fied: (e:\43.Gest   
 or de...lche.me/e    
/b8d9):String) []    
, RemoteException
    + FullyQualifiedE 
   rrorId : NativeCo  
  mmandError
 
  v = session.query(Ve
ncimiento).get(v_id)
DEBUG: init_db_engine called. URL: postgresql://neondb_owner:npg_vhmWRL8ESXI3@ep-green-night-acbu7krn-pooler.sa-east-1.aws.neon.tech/neondb?sslmode=require
SUCCESS. Vencimiento ID: 27
Vencimiento Found: 27
  Estado: EstadoVencimiento.PAGADO
  Monto: 1234.56
  Obligacion ID: 26
  Proveedor: Banco (Conciliaci¾n) (Cat: OTRO)
Pago Found: 17, Monto: 1234.56
Enum Check - Vencimiento.estado type: <enum 'EstadoVencimiento'>, Value: EstadoVencimiento.PAGADO
Enum Check - Proveedor.categoria type: <class 'str'>, Value: OTRO
Cleaning up...
Cleanup Successful.
